*****************************************************************
      SolidWorks Corporation - IGES Processor Status Report
*****************************************************************
=================================================================
General Information
=================================================================
Sending System Product I.D.  : Noname
Receiving System Product I.D.: Noname
File Name                    : micro linear servo.igs
Sending System               : Spatial Corp.
Preprocessor Version         : 3D InterOp GENERIC/IGES 3.0
File Creation Date           : 20160228.195533
Model Creation Date          : 20160228.195533
Units                        : MM
Model Space Scale            : 1
Author                       : Noname
Organization                 : Noname


=================================================================
Entity Processing Information
=================================================================
ERROR:   DE#   133, TYPE   144: Problem encountered in inner trimming loop.
WARNING: DE#   133, TYPE   144: Error repaired by using 3D trim curves.
WARNING: DE#   169, TYPE   144: Error repaired by using 3D trim curves.
WARNING: DE#   399, TYPE   144: Error repaired by using 3D trim curves.
WARNING: DE#   435, TYPE   144: Error repaired by using 3D trim curves.
WARNING: DE#   495, TYPE   144: Error repaired by using 3D trim curves.
WARNING: DE#   615, TYPE   144: Error repaired by using 3D trim curves.
WARNING: DE#   645, TYPE   144: Error repaired by using 3D trim curves.
WARNING: DE#   681, TYPE   144: Error repaired by using 3D trim curves.
WARNING: DE#   807, TYPE   144: Error repaired by using 3D trim curves.
WARNING: DE#   843, TYPE   144: Error repaired by using 3D trim curves.
WARNING: DE#   879, TYPE   144: Error repaired by using 3D trim curves.
WARNING: DE#   915, TYPE   144: Error repaired by using 3D trim curves.
WARNING: DE#  1005, TYPE   144: Error repaired by using 3D trim curves.
WARNING: DE#  1061, TYPE   144: Error repaired by using 3D trim curves.
WARNING: DE#  1145, TYPE   144: Error repaired by using 3D trim curves.
WARNING: DE#  1173, TYPE   144: Error repaired by using 3D trim curves.
WARNING: DE#  1223, TYPE   144: Error repaired by using 3D trim curves.
ERROR:   DE#  1349, TYPE   144: Problem encountered in outer trimming loop.
WARNING: DE#  1349, TYPE   144: Error repaired by using 3D trim curves.
WARNING: DE#  1405, TYPE   144: Error repaired by using 3D trim curves.
WARNING: DE#  1433, TYPE   144: Error repaired by using 3D trim curves.
ERROR:   DE#  1819, TYPE   144: Problem encountered in outer trimming loop.
WARNING: DE#  1819, TYPE   144: Error repaired by using 3D trim curves.
ERROR:   DE#  1963, TYPE   144: Problem encountered in outer trimming loop.
WARNING: DE#  1963, TYPE   144: Error repaired by using 3D trim curves.
WARNING: DE#  2239, TYPE   144: Error repaired by using 3D trim curves.
WARNING: DE#  2275, TYPE   144: Error repaired by using 3D trim curves.
WARNING: DE#  2311, TYPE   144: Error repaired by using 3D trim curves.
WARNING: DE#  2449, TYPE   144: Error repaired by using 3D trim curves.
WARNING: DE#  2755, TYPE   144: Error repaired by using 3D trim curves.
WARNING: DE#  2791, TYPE   144: Error repaired by using 3D trim curves.
WARNING: DE#  2827, TYPE   144: Error repaired by using 3D trim curves.
WARNING: DE#  3083, TYPE   144: Error repaired by using 3D trim curves.


=================================================================
Precision analysis of IGES file:
=================================================================
  Most prevalent number of significant digits:              14
  Highest number of significant digits:                     14
  Average number of significant digits:                10.8493
  Maximum distance to origin:                          30.1778
  Minimum distance to origin:                          26.6621
  Effective number of significant digits:              12.7914


=================================================================
Entity Summary
=================================================================
-----------------------------------------------------------------
Type Name                                         Count Converted
---- ----                                         ----- ---------
100  Arc                                            140       140
102  Composite curve                                204       204
110  Line                                           360       360
120  Surface of revolution                           35        35
122  Tabulated cylinder                              46        46
124  Transformation matrix                          140       140
126  Rational B-spline curve                        384       384
142  Curve on a parametric surface                  102       102
144  Trimmed parametric surface                      81        81
308  Subfigure definition                             5         5
314  Color definition                                44        44
408  Singular subfigure instance                      5         5
_________________________________________________________________


=================================================================
Result Summary
=================================================================
SolidWorks Feature Type                Count
-----------------------                -----
Solid feature(s)                       5
Surface feature(s)                     0
Curve/Sketch feature(s)                0
--------------------------------------------
Start time: Monday, January 23, 2017 09:36:57
Finish time: Monday, January 23, 2017 09:36:58
Processing time: 0 days, 00 hours, 00 mins, 01 secs
